// Jest Snapshot v1, https://goo.gl/fbAQLP

exports[`App component App snapshots component 1`] = `
<App>
  <styled.div>
    <div
      className="sc-bdnxRM iaMMfV"
    >
      <SearchPanel>
        <Styled(Component)>
          <ForwardRef(InputGroup)
            className="sc-fujyAs kTYqnT"
          >
            <div
              className="sc-fujyAs kTYqnT input-group"
            >
              <FormControl
                aria-describedby="basic-addon2"
                aria-label="Recipient's username"
                onChange={[Function]}
                onKeyPress={[Function]}
                placeholder="type your tag here"
                value=""
              >
                <input
                  aria-describedby="basic-addon2"
                  aria-label="Recipient's username"
                  className="form-control"
                  onChange={[Function]}
                  onKeyPress={[Function]}
                  placeholder="type your tag here"
                  value=""
                />
              </FormControl>
              <InputGroupAppend>
                <div
                  className="input-group-append"
                >
                  <Link
                    to="/"
                  >
                    <LinkAnchor
                      href="/"
                      navigate={[Function]}
                    >
                      <a
                        href="/"
                        onClick={[Function]}
                      >
                        <Button
                          active={false}
                          disabled={false}
                          onClick={[Function]}
                          variant="outline-secondary"
                        >
                          <button
                            className="btn btn-outline-secondary"
                            disabled={false}
                            onClick={[Function]}
                            type="button"
                          >
                            Search
                          </button>
                        </Button>
                      </a>
                    </LinkAnchor>
                  </Link>
                </div>
              </InputGroupAppend>
            </div>
          </ForwardRef(InputGroup)>
        </Styled(Component)>
      </SearchPanel>
      <LastSearch
        listOfThreeLastItems={Array []}
      >
        <styled.div>
          <div
            className="sc-jSFjdj bcarFw"
          >
            <div>
              <styled.ul>
                <ul
                  className="sc-gKAaRy fgCheT"
                />
              </styled.ul>
            </div>
          </div>
        </styled.div>
      </LastSearch>
      <PreLoader>
        <div>
          <styled.div>
            <div
              className="sc-iCoGMd dnJlUA"
            >
              &lt; ðŸŒ¸ &gt;
            </div>
          </styled.div>
          <div>
            Please enter TAG
          </div>
        </div>
      </PreLoader>
    </div>
  </styled.div>
</App>
`;
