// Jest Snapshot v1, https://goo.gl/fbAQLP

exports[`PreLoader component: PreLoader Snapshot component 1`] = `
<div>
  <styled.div>
    &lt; ðŸŒ¸ &gt;
  </styled.div>
  <div>
    Please enter TAG
  </div>
</div>
`;
