// Jest Snapshot v1, https://goo.gl/fbAQLP

exports[`cards component should render cards component 1`] = `ShallowWrapper {}`;
